=== TESTE MESTRE IA v2 ===
LOGIN OK
Enviando mensagem para IA...
MSG: Vamos criar um blog sobre as noticias do Brasil! Aqui está o layout inicial.
BG: #f5f5f5
BLOCOS: 10

[0] hero => https://image.pollinations.ai/prompt/map%20of%20brazil%20with%20major%20cities%20highlighted?width=800&height=400&nologo=true&seed=3432
    is_url=YES
    has_pollinations=YES
[1] title => Notícias do Brasil
[2] text => O Brasil é um país [G]diverso[/G] e [G]dinâmico[/G], com uma
[3] img => https://image.pollinations.ai/prompt/brazilian%20flag%20waving%20in%20the%20wind?width=600&height=400&nologo=true&seed=6972
    is_url=YES
    has_pollinations=YES
[4] subtitle => Política
[5] text => A [G]política[/G] brasileira tem sido [G]controversa[/G] nos
[6] img => https://image.pollinations.ai/prompt/brazilian%20president%20giving%20a%20speech?width=600&height=400&nologo=true&seed=1284
    is_url=YES
    has_pollinations=YES
[7] subtitle => Esportes
[8] text => O [G]futebol[/G] é um dos [G]esportes[/G] mais populares no 
[9] img => https://image.pollinations.ai/prompt/brazilian%20soccer%20players%20celebrating%20a%20goal?width=600&height=400&nologo=true&seed=5361
    is_url=YES
    has_pollinations=YES

=== DOWNLOAD TEST ===
URL: https://image.pollinations.ai/prompt/map%20of%20brazil%20with%20major%20cities%20highlighted?width=800&height=400&nologo=true&seed=3432
Downloading...
HTTP Status: 301
Content-Type: application/json
REDIRECT TO: https://gen.pollinations.ai/image/map%20of%20brazil%20with%20major%20cities%20highlighted?width=800&height=400&nologo=true&seed=3432
=== FIM ===
TIMEOUT!